[    0.000000] Linux version 4.15.0-151-generic (buildd@lgw01-amd64-042) (gcc version 7.5.0 (Ubuntu 7.5.0-3ubuntu1~18.04)) #157-Ubuntu SMP Fri Jul 9 23:07:57 UTC 2021 (Ubuntu 4.15.0-151.157-generic 4.15.18)
[    0.000000] Command line: BOOT_IMAGE=/boot/vmlinuz-4.15.0-151-generic root=LABEL=cloudimg-rootfs ro console=tty1 console=ttyS0
[    0.000000] KERNEL supported cpus:
[    0.000000]   Intel GenuineIntel
[    0.000000]   AMD AuthenticAMD
[    0.000000]   Centaur CentaurHauls
[    0.000000] x86/fpu: Supporting XSAVE feature 0x001: 'x87 floating point registers'
[    0.000000] x86/fpu: Supporting XSAVE feature 0x002: 'SSE registers'
[    0.000000] x86/fpu: Supporting XSAVE feature 0x004: 'AVX registers'
[    0.000000] x86/fpu: xstate_offset[2]:  576, xstate_sizes[2]:  256
[    0.000000] x86/fpu: Enabled xstate features 0x7, context size is 832 bytes, using 'standard' format.
[    0.000000] e820: BIOS-provided physical RAM map:
[    0.000000] BIOS-e820: [mem 0x0000000000000000-0x000000000009fbff] usable
[    0.000000] BIOS-e820: [mem 0x000000000009fc00-0x000000000009ffff] reserved
[    0.000000] BIOS-e820: [mem 0x00000000000f0000-0x00000000000fffff] reserved
[    0.000000] BIOS-e820: [mem 0x0000000000100000-0x000000003ffeffff] usable
[    0.000000] BIOS-e820: [mem 0x000000003fff0000-0x000000003fffffff] ACPI data
[    0.000000] BIOS-e820: [mem 0x00000000fec00000-0x00000000fec00fff] reserved
[    0.000000] BIOS-e820: [mem 0x00000000fee00000-0x00000000fee00fff] reserved
[    0.000000] BIOS-e820: [mem 0x00000000fffc0000-0x00000000ffffffff] reserved
[    0.000000] NX (Execute Disable) protection: active
[    0.000000] SMBIOS 2.5 present.
[    0.000000] DMI: innotek GmbH VirtualBox/VirtualBox, BIOS VirtualBox 12/01/2006
[    0.000000] Hypervisor detected: KVM
[    0.000000] e820: last_pfn = 0x3fff0 max_arch_pfn = 0x400000000
[    0.000000] MTRR: Disabled
[    0.000000] x86/PAT: MTRRs disabled, skipping PAT initialization too.
[    0.000000] CPU MTRRs all blank - virtualized system.
[    0.000000] x86/PAT: Configuration [0-7]: WB  WT  UC- UC  WB  WT  UC- UC  
[    0.000000] found SMP MP-table at [mem 0x0009fff0-0x0009ffff]
[    0.000000] Scanning 1 areas for low memory corruption
[    0.000000] RAMDISK: [mem 0x359d1000-0x36cdffff]
[    0.000000] ACPI: Early table checksum verification disabled
[    0.000000] ACPI: RSDP 0x00000000000E0000 000024 (v02 VBOX  )
[    0.000000] ACPI: XSDT 0x000000003FFF0030 00003C (v01 VBOX   VBOXXSDT 00000001 ASL  00000061)
[    0.000000] ACPI: FACP 0x000000003FFF00F0 0000F4 (v04 VBOX   VBOXFACP 00000001 ASL  00000061)
[    0.000000] ACPI: DSDT 0x000000003FFF0470 0022EA (v02 VBOX   VBOXBIOS 00000002 INTL 20100528)
[    0.000000] ACPI: FACS 0x000000003FFF0200 000040
[    0.000000] ACPI: FACS 0x000000003FFF0200 000040
[    0.000000] ACPI: APIC 0x000000003FFF0240 00005C (v02 VBOX   VBOXAPIC 00000001 ASL  00000061)
[    0.000000] ACPI: SSDT 0x000000003FFF02A0 0001CC (v01 VBOX   VBOXCPUT 00000002 INTL 20100528)
[    0.000000] ACPI: Reserving FACP table memory at [mem 0x3fff00f0-0x3fff01e3]
[    0.000000] ACPI: Reserving DSDT table memory at [mem 0x3fff0470-0x3fff2759]
[    0.000000] ACPI: Reserving FACS table memory at [mem 0x3fff0200-0x3fff023f]
[    0.000000] ACPI: Reserving FACS table memory at [mem 0x3fff0200-0x3fff023f]
[    0.000000] ACPI: Reserving APIC table memory at [mem 0x3fff0240-0x3fff029b]
[    0.000000] ACPI: Reserving SSDT table memory at [mem 0x3fff02a0-0x3fff046b]
[    0.000000] No NUMA configuration found
[    0.000000] Faking a node at [mem 0x0000000000000000-0x000000003ffeffff]
[    0.000000] NODE_DATA(0) allocated [mem 0x3ffc5000-0x3ffeffff]
[    0.000000] kvm-clock: cpu 0, msr 0:3ff44001, primary cpu clock
[    0.000000] kvm-clock: Using msrs 4b564d01 and 4b564d00
[    0.000000] kvm-clock: using sched offset of 3430153279 cycles
[    0.000000] clocksource: kvm-clock: mask: 0xffffffffffffffff max_cycles: 0x1cd42e4dffb, max_idle_ns: 881590591483 ns
[    0.000000] Zone ranges:
[    0.000000]   DMA      [mem 0x0000000000001000-0x0000000000ffffff]
[    0.000000]   DMA32    [mem 0x0000000001000000-0x000000003ffeffff]
[    0.000000]   Normal   empty
[    0.000000]   Device   empty
[    0.000000] Movable zone start for each node
[    0.000000] Early memory node ranges
[    0.000000]   node   0: [mem 0x0000000000001000-0x000000000009efff]
[    0.000000]   node   0: [mem 0x0000000000100000-0x000000003ffeffff]
[    0.000000] Reserved but unavailable: 104 pages
[    0.000000] Initmem setup node 0 [mem 0x0000000000001000-0x000000003ffeffff]
[    0.000000] ACPI: PM-Timer IO Port: 0x4008
[    0.000000] IOAPIC[0]: apic_id 2, version 32, address 0xfec00000, GSI 0-23
[    0.000000] ACPI: INT_SRC_OVR (bus 0 bus_irq 0 global_irq 2 dfl dfl)
[    0.000000] ACPI: INT_SRC_OVR (bus 0 bus_irq 9 global_irq 9 low level)
[    0.000000] Using ACPI (MADT) for SMP configuration information
[    0.000000] smpboot: Allowing 2 CPUs, 0 hotplug CPUs
[    0.000000] PM: Registered nosave memory: [mem 0x00000000-0x00000fff]
[    0.000000] PM: Registered nosave memory: [mem 0x0009f000-0x0009ffff]
[    0.000000] PM: Registered nosave memory: [mem 0x000a0000-0x000effff]
[    0.000000] PM: Registered nosave memory: [mem 0x000f0000-0x000fffff]
[    0.000000] e820: [mem 0x40000000-0xfebfffff] available for PCI devices
[    0.000000] Booting paravirtualized kernel on KVM
[    0.000000] clocksource: refined-jiffies: mask: 0xffffffff max_cycles: 0xffffffff, max_idle_ns: 7645519600211568 ns
[    0.000000] random: get_random_bytes called from start_kernel+0x99/0x500 with crng_init=0
[    0.000000] setup_percpu: NR_CPUS:8192 nr_cpumask_bits:2 nr_cpu_ids:2 nr_node_ids:1
[    0.000000] percpu: Embedded 45 pages/cpu s147456 r8192 d28672 u1048576
[    0.000000] PV qspinlock hash table entries: 256 (order: 0, 4096 bytes)
[    0.000000] Built 1 zonelists, mobility grouping on.  Total pages: 257913
[    0.000000] Policy zone: DMA32
[    0.000000] Kernel command line: BOOT_IMAGE=/boot/vmlinuz-4.15.0-151-generic root=LABEL=cloudimg-rootfs ro console=tty1 console=ttyS0
[    0.000000] Memory: 982720K/1048120K available (12300K kernel code, 2483K rwdata, 4320K rodata, 2448K init, 2724K bss, 65400K reserved, 0K cma-reserved)
[    0.000000] SLUB: HWalign=64, Order=0-3, MinObjects=0, CPUs=2, Nodes=1
[    0.000000] Kernel/User page tables isolation: enabled
[    0.000000] ftrace: allocating 39460 entries in 155 pages
[    0.004000] Hierarchical RCU implementation.
[    0.004000] 	RCU restricting CPUs from NR_CPUS=8192 to nr_cpu_ids=2.
[    0.004000] 	Tasks RCU enabled.
[    0.004000] RCU: Adjusting geometry for rcu_fanout_leaf=16, nr_cpu_ids=2
[    0.004000] NR_IRQS: 524544, nr_irqs: 440, preallocated irqs: 16
[    0.004000] Console: colour VGA+ 80x25
[    0.004000] console [tty1] enabled
[    0.004000] console [ttyS0] enabled
[    0.004000] ACPI: Core revision 20170831
[    0.004000] ACPI: 2 ACPI AML tables successfully acquired and loaded
[    0.004000] APIC: Switch to symmetric I/O mode setup
[    0.004000] x2apic enabled
[    0.004000] Switched APIC routing to physical x2apic.
[    0.004000] ..TIMER: vector=0x30 apic1=0 pin1=2 apic2=-1 pin2=-1
[    0.004000] tsc: Detected 2112.002 MHz processor
[    0.004016] Calibrating delay loop (skipped) preset value.. 4224.00 BogoMIPS (lpj=8448008)
[    0.005046] pid_max: default: 32768 minimum: 301
[    0.005657] Security Framework initialized
[    0.006188] Yama: becoming mindful.
[    0.006670] AppArmor: AppArmor initialized
[    0.008039] Dentry cache hash table entries: 131072 (order: 8, 1048576 bytes)
[    0.008942] Inode-cache hash table entries: 65536 (order: 7, 524288 bytes)
[    0.009786] Mount-cache hash table entries: 2048 (order: 2, 16384 bytes)
[    0.012008] Mountpoint-cache hash table entries: 2048 (order: 2, 16384 bytes)
[    0.013301] Last level iTLB entries: 4KB 64, 2MB 8, 4MB 8
[    0.013946] Last level dTLB entries: 4KB 64, 2MB 0, 4MB 0, 1GB 4
[    0.014648] Spectre V1 : Mitigation: usercopy/swapgs barriers and __user pointer sanitization
[    0.016003] Spectre V2 : Mitigation: Full generic retpoline
[    0.016873] Spectre V2 : Spectre v2 / SpectreRSB mitigation: Filling RSB on context switch
[    0.017894] Speculative Store Bypass: Vulnerable
[    0.018491] SRBDS: Unknown: Dependent on hypervisor status
[    0.019160] MDS: Vulnerable: Clear CPU buffers attempted, no microcode
[    0.020169] Freeing SMP alternatives memory: 36K
[    0.129996] smpboot: CPU0: Intel(R) Core(TM) i5-10210U CPU @ 1.60GHz (family: 0x6, model: 0x8e, stepping: 0xc)
[    0.131471] Performance Events: unsupported p6 CPU model 142 no PMU driver, software events only.
[    0.132000] Hierarchical SRCU implementation.
[    0.132000] NMI watchdog: Perf event create on CPU 0 failed with -2
[    0.132002] NMI watchdog: Perf NMI watchdog permanently disabled
[    0.132786] smp: Bringing up secondary CPUs ...
[    0.133432] x86: Booting SMP configuration:
[    0.133979] .... node  #0, CPUs:      #1
[    0.004000] kvm-clock: cpu 1, msr 0:3ff44041, secondary cpu clock
[    0.138074] smp: Brought up 1 node, 2 CPUs
[    0.138074] smpboot: Max logical packages: 1
[    0.138074] smpboot: Total of 2 processors activated (8448.00 BogoMIPS)
[    0.140092] devtmpfs: initialized
[    0.140487] x86/mm: Memory block size: 128MB
[    0.141150] evm: security.selinux
[    0.141639] evm: security.SMACK64
[    0.142125] evm: security.SMACK64EXEC
[    0.142614] evm: security.SMACK64TRANSMUTE
[    0.143148] evm: security.SMACK64MMAP
[    0.144002] evm: security.apparmor
[    0.144462] evm: security.ima
[    0.144872] evm: security.capability
[    0.145377] clocksource: jiffies: mask: 0xffffffff max_cycles: 0xffffffff, max_idle_ns: 7645041785100000 ns
[    0.145442] futex hash table entries: 512 (order: 3, 32768 bytes)
[    0.146229] pinctrl core: initialized pinctrl subsystem
[    0.150381] RTC time:  0:37:03, date: 07/23/21
[    0.151102] NET: Registered protocol family 16
[    0.152059] audit: initializing netlink subsys (disabled)
[    0.152766] audit: type=2000 audit(1627000628.223:1): state=initialized audit_enabled=0 res=1
[    0.153078] cpuidle: using governor ladder
[    0.153078] cpuidle: using governor menu
[    0.153085] ACPI: bus type PCI registered
[    0.153615] acpiphp: ACPI Hot Plug PCI Controller Driver version: 0.5
[    0.156081] PCI: Using configuration type 1 for base access
[    0.156810] HugeTLB registered 2.00 MiB page size, pre-allocated 0 pages
[    0.156860] ACPI: Added _OSI(Module Device)
[    0.156860] ACPI: Added _OSI(Processor Device)
[    0.160007] ACPI: Added _OSI(3.0 _SCP Extensions)
[    0.160612] ACPI: Added _OSI(Processor Aggregator Device)
[    0.161290] ACPI: Added _OSI(Linux-Dell-Video)
[    0.161870] ACPI: Added _OSI(Linux-Lenovo-NV-HDMI-Audio)
[    0.162540] ACPI: Added _OSI(Linux-HPI-Hybrid-Graphics)
[    0.163431] ACPI: Executed 1 blocks of module-level executable AML code
[    0.166444] ACPI: Interpreter enabled
[    0.166982] ACPI: (supports S0 S5)
[    0.167437] ACPI: Using IOAPIC for interrupt routing
[    0.168174] PCI: Using host bridge windows from ACPI; if necessary, use "pci=nocrs" and report a bug
[    0.169432] ACPI: Enabled 2 GPEs in block 00 to 07
[    0.175133] ACPI: PCI Root Bridge [PCI0] (domain 0000 [bus 00-ff])
[    0.175947] acpi PNP0A03:00: _OSC: OS supports [ASPM ClockPM Segments MSI]
[    0.176397] acpi PNP0A03:00: _OSC: not requesting OS control; OS requires [ExtendedConfig ASPM ClockPM MSI]
[    0.177619] acpi PNP0A03:00: fail to add MMCONFIG information, can't access extended PCI configuration space under this bridge.
[    0.180278] PCI host bridge to bus 0000:00
[    0.180813] pci_bus 0000:00: root bus resource [io  0x0000-0x0cf7 window]
[    0.181646] pci_bus 0000:00: root bus resource [io  0x0d00-0xffff window]
[    0.182487] pci_bus 0000:00: root bus resource [mem 0x000a0000-0x000bffff window]
[    0.184008] pci_bus 0000:00: root bus resource [mem 0x40000000-0xfdffffff window]
[    0.184958] pci_bus 0000:00: root bus resource [bus 00-ff]
[    0.187074] pci 0000:00:01.1: legacy IDE quirk: reg 0x10: [io  0x01f0-0x01f7]
[    0.188002] pci 0000:00:01.1: legacy IDE quirk: reg 0x14: [io  0x03f6]
[    0.188762] pci 0000:00:01.1: legacy IDE quirk: reg 0x18: [io  0x0170-0x0177]
[    0.189624] pci 0000:00:01.1: legacy IDE quirk: reg 0x1c: [io  0x0376]
[    0.203394] pci 0000:00:07.0: quirk: [io  0x4000-0x403f] claimed by PIIX4 ACPI
[    0.204014] pci 0000:00:07.0: quirk: [io  0x4100-0x410f] claimed by PIIX4 SMB
[    0.212000] ACPI: PCI Interrupt Link [LNKA] (IRQs 5 9 10 *11)
[    0.212259] ACPI: PCI Interrupt Link [LNKB] (IRQs 5 9 *10 11)
[    0.213091] ACPI: PCI Interrupt Link [LNKC] (IRQs 5 *9 10 11)
[    0.213925] ACPI: PCI Interrupt Link [LNKD] (IRQs 5 9 10 *11)
[    0.215094] SCSI subsystem initialized
[    0.216055] pci 0000:00:02.0: vgaarb: setting as boot VGA device
[    0.216756] pci 0000:00:02.0: vgaarb: VGA device added: decodes=io+mem,owns=io+mem,locks=none
[    0.217825] pci 0000:00:02.0: vgaarb: bridge control possible
[    0.218550] vgaarb: loaded
[    0.220033] ACPI: bus type USB registered
[    0.220574] usbcore: registered new interface driver usbfs
[    0.221270] usbcore: registered new interface driver hub
[    0.221946] usbcore: registered new device driver usb
[    0.222639] EDAC MC: Ver: 3.0.0
[    0.222639] PCI: Using ACPI for IRQ routing
[    0.224210] NetLabel: Initializing
[    0.224670] NetLabel:  domain hash size = 128
[    0.225231] NetLabel:  protocols = UNLABELED CIPSOv4 CALIPSO
[    0.225949] NetLabel:  unlabeled traffic allowed by default
[    0.226678] clocksource: Switched to clocksource kvm-clock
[    0.239066] VFS: Disk quotas dquot_6.6.0
[    0.239747] VFS: Dquot-cache hash table entries: 512 (order 0, 4096 bytes)
[    0.240731] AppArmor: AppArmor Filesystem Enabled
[    0.241441] pnp: PnP ACPI init
[    0.242779] pnp: PnP ACPI: found 3 devices
[    0.251618] clocksource: acpi_pm: mask: 0xffffff max_cycles: 0xffffff, max_idle_ns: 2085701024 ns
[    0.252747] NET: Registered protocol family 2
[    0.253432] TCP established hash table entries: 8192 (order: 4, 65536 bytes)
[    0.254300] TCP bind hash table entries: 8192 (order: 5, 131072 bytes)
[    0.256682] TCP: Hash tables configured (established 8192 bind 8192)
[    0.258331] UDP hash table entries: 512 (order: 2, 16384 bytes)
[    0.259078] UDP-Lite hash table entries: 512 (order: 2, 16384 bytes)
[    0.259916] NET: Registered protocol family 1
[    0.260703] pci 0000:00:00.0: Limiting direct PCI/PCI transfers
[    0.261597] pci 0000:00:01.0: Activating ISA DMA hang workarounds
[    0.262389] pci 0000:00:02.0: Video device with shadowed ROM at [mem 0x000c0000-0x000dffff]
[    0.263507] Unpacking initramfs...
[    0.583927] Freeing initrd memory: 19516K
[    0.584816] clocksource: tsc: mask: 0xffffffffffffffff max_cycles: 0x1e717a67afe, max_idle_ns: 440795258295 ns
[    0.586477] platform rtc_cmos: registered platform RTC device (no PNP device found)
[    0.587845] Scanning for low memory corruption every 60 seconds
[    0.589656] Initialise system trusted keyrings
[    0.590507] Key type blacklist registered
[    0.591647] workingset: timestamp_bits=36 max_order=18 bucket_order=0
[    0.595284] zbud: loaded
[    0.597038] squashfs: version 4.0 (2009/01/31) Phillip Lougher
[    0.598044] fuse init (API version 7.26)
[    0.600558] Key type asymmetric registered
[    0.601113] Asymmetric key parser 'x509' registered
[    0.601782] Block layer SCSI generic (bsg) driver version 0.4 loaded (major 246)
[    0.602794] io scheduler noop registered
[    0.603312] io scheduler deadline registered
[    0.603889] io scheduler cfq registered (default)
[    0.608337] ACPI: AC Adapter [AC] (on-line)
[    0.609182] input: Power Button as /devices/LNXSYSTM:00/LNXPWRBN:00/input/input0
[    0.610570] ACPI: Power Button [PWRF]
[    0.611328] input: Sleep Button as /devices/LNXSYSTM:00/LNXSLPBN:00/input/input1
[    0.612330] ACPI: Sleep Button [SLPF]
[    0.613654] ACPI: Battery Slot [BAT0] (battery present)
[    0.614338] Serial: 8250/16550 driver, 32 ports, IRQ sharing enabled
 	
 !"#$%56789:;<=>?@ABCDEFGHIJKLMNOPQRSTUVWXYZ[\]^_`abcdefghijklmnopqrstuvwxyz{|}~€‚ƒ„…†‡ˆ‰Š‹ŒŽ‘’“”•–—˜™š›œžŸ ¡¢£¤¥¦§¨©ª«¬­®¯°±²³´µ¶·¸¹º»¼½¾¿ÀÁÂÃÄÅÆÇÈÉÊËÌÍÎÏÐÑÒÓÔÕÖ×ØÙÚÛÜÝÞßàáâãäåæçèéêëìíîïðñòóôõö÷øùúûüýþÿ[    0.636748] 00:02: ttyS0 at I/O 0x3f8 (irq = 4, base_baud = 115200) is a 16550A
[    0.640933] Linux agpgart interface v0.103
[    0.642799] loop: module loaded
[    0.645238] scsi host0: ata_piix
[    0.645953] scsi host1: ata_piix
[    0.646423] ata1: PATA max UDMA/33 cmd 0x1f0 ctl 0x3f6 bmdma 0xd000 irq 14
[    0.647427] ata2: PATA max UDMA/33 cmd 0x170 ctl 0x376 bmdma 0xd008 irq 15
[    0.649071] libphy: Fixed MDIO Bus: probed
[    0.649634] tun: Universal TUN/TAP device driver, 1.6
[    0.650437] PPP generic driver version 2.4.2
[    0.651113] ehci_hcd: USB 2.0 'Enhanced' Host Controller (EHCI) Driver
[    0.651933] ehci-pci: EHCI PCI platform driver
[    0.652566] ehci-platform: EHCI generic platform driver
[    0.653246] ohci_hcd: USB 1.1 'Open' Host Controller (OHCI) Driver
[    0.654019] ohci-pci: OHCI PCI platform driver
[    0.654606] ohci-platform: OHCI generic platform driver
[    0.655283] uhci_hcd: USB Universal Host Controller Interface driver
[    0.656128] i8042: PNP: PS/2 Controller [PNP0303:PS2K,PNP0f03:PS2M] at 0x60,0x64 irq 1,12
[    0.657598] serio: i8042 KBD port at 0x60,0x64 irq 1
[    0.658298] serio: i8042 AUX port at 0x60,0x64 irq 12
[    0.659911] mousedev: PS/2 mouse device common for all mice
[    0.662196] input: AT Translated Set 2 keyboard as /devices/platform/i8042/serio0/input/input2
[    0.664183] rtc_cmos rtc_cmos: rtc core: registered rtc_cmos as rtc0
[    0.665068] rtc_cmos rtc_cmos: alarms up to one day, 114 bytes nvram
[    0.665914] i2c /dev entries driver
[    0.666491] device-mapper: uevent: version 1.0.3
[    0.667282] device-mapper: ioctl: 4.37.0-ioctl (2017-09-20) initialised: dm-devel@redhat.com
[    0.668537] ledtrig-cpu: registered to indicate activity on CPUs
[    0.669701] NET: Registered protocol family 10
[    0.673533] Segment Routing with IPv6
[    0.674111] NET: Registered protocol family 17
[    0.674972] Key type dns_resolver registered
[    0.676064] mce: Using 0 MCE banks
[    0.677508] RAS: Correctable Errors collector initialized.
[    0.679940] sched_clock: Marking stable (676023813, 0)->(802267403, -126243590)
[    0.683485] registered taskstats version 1
[    0.684380] Loading compiled-in X.509 certificates
[    0.687683] Loaded X.509 cert 'Build time autogenerated kernel key: f57eddc348b36f7d35fd4232c73b07389449520d'
[    0.690170] Loaded X.509 cert 'Canonical Ltd. Live Patch Signing: 14df34d1a87cf37625abec039ef2bf521249b969'
[    0.692589] Loaded X.509 cert 'Canonical Ltd. Kernel Module Signing: 88f752e560a1e0737e31163a466ad7b70a850c19'
[    0.696428] zswap: loaded using pool lzo/zbud
[    0.701807] Key type big_key registered
[    0.702376] Key type trusted registered
[    0.704501] Key type encrypted registered
[    0.705146] AppArmor: AppArmor sha1 policy hashing enabled
[    0.705997] ima: No TPM chip found, activating TPM-bypass! (rc=-19)
[    0.706835] ima: Allocated hash algorithm: sha1
[    0.707500] evm: HMAC attrs: 0x1
[    0.708454]   Magic number: 13:312:608
[    0.709164] rtc_cmos rtc_cmos: setting system clock to 2021-07-23 00:37:04 UTC (1627000624)
[    0.711421] BIOS EDD facility v0.16 2004-Jun-25, 0 devices found
[    0.712705] EDD information not available.
[    0.818277] Freeing unused kernel image memory: 2448K
[    1.083470] Write protecting the kernel read-only data: 20480k
[    1.085076] Freeing unused kernel image memory: 2008K
[    1.085995] Freeing unused kernel image memory: 1824K
[    1.093268] x86/mm: Checked W+X mappings: passed, no W+X pages found.
[    1.094078] x86/mm: Checking user space page tables
[    1.101136] x86/mm: Checked W+X mappings: passed, no W+X pages found.
Loading, please wait...
starting version 237
[    1.155265] e1000: Intel(R) PRO/1000 Network Driver - version 7.3.21-k8-NAPI
[    1.156664] e1000: Copyright (c) 1999-2006 Intel Corporation.
[    1.159327] Fusion MPT base driver 3.04.20
[    1.159878] Copyright (c) 1999-2008 LSI Corporation
[    1.163143] Fusion MPT SPI Host driver 3.04.20
[    1.172487] AVX2 version of gcm_enc/dec engaged.
[    1.173121] AES CTR mode by8 optimization enabled
[    1.370694] input: ImExPS/2 Generic Explorer Mouse as /devices/platform/i8042/serio1/input/input4
[    1.528318] e1000 0000:00:03.0 eth0: (PCI:33MHz:32-bit) 02:2a:e1:ea:70:72
[    1.529237] e1000 0000:00:03.0 eth0: Intel(R) PRO/1000 Network Connection
[    1.530841] mptbase: ioc0: Initiating bringup
[    1.633971] ioc0: LSI53C1030 A0: Capabilities={Initiator}
[    2.669692] scsi host2: ioc0: LSI53C1030 A0, FwRev=00000000h, Ports=1, MaxQ=256, IRQ=20
[    2.898840] scsi 2:0:0:0: Direct-Access     VBOX     HARDDISK         1.0  PQ: 0 ANSI: 5
[    2.932598] scsi target2:0:0: Beginning Domain Validation
[    2.934310] scsi target2:0:0: Domain Validation skipping write tests
[    2.935112] scsi target2:0:0: Ending Domain Validation
[    2.935790] scsi target2:0:0: asynchronous
[    2.948917] scsi 2:0:1:0: Direct-Access     VBOX     HARDDISK         1.0  PQ: 0 ANSI: 5
[    2.986675] scsi target2:0:1: Beginning Domain Validation
[    3.012726] random: fast init done
[    3.013288] scsi target2:0:1: Domain Validation skipping write tests
[    3.014141] scsi target2:0:1: Ending Domain Validation
[    3.014875] scsi target2:0:1: asynchronous
[    3.018338] sd 2:0:0:0: Attached scsi generic sg0 type 0
[    3.018366] random: systemd-udevd: uninitialized urandom read (16 bytes read)
[    3.019152] sd 2:0:1:0: Attached scsi generic sg1 type 0
[    3.019949] random: systemd-udevd: uninitialized urandom read (16 bytes read)
[    3.021604] random: systemd-udevd: uninitialized urandom read (16 bytes read)
[    3.021611] sd 2:0:0:0: [sda] 83886080 512-byte logical blocks: (42.9 GB/40.0 GiB)
[    3.024126] sd 2:0:0:0: [sda] Write Protect is off
[    3.024787] sd 2:0:1:0: [sdb] 20480 512-byte logical blocks: (10.5 MB/10.0 MiB)
[    3.025829] sd 2:0:1:0: [sdb] Write Protect is off
[    3.026554] sd 2:0:0:0: [sda] Incomplete mode parameter data
[    3.027449] sd 2:0:0:0: [sda] Assuming drive cache: write through
[    3.028306] sd 2:0:1:0: [sdb] Incomplete mode parameter data
[    3.029057] sd 2:0:1:0: [sdb] Assuming drive cache: write through
[    3.031446]  sda: sda1
[    3.032503] sd 2:0:0:0: [sda] Attached SCSI disk
[    3.033141] sd 2:0:1:0: [sdb] Attached SCSI disk
[    3.303232] e1000 0000:00:08.0 eth1: (PCI:33MHz:32-bit) 08:00:27:9a:c6:86
[    3.305587] e1000 0000:00:08.0 eth1: Intel(R) PRO/1000 Network Connection
[    3.307541] e1000 0000:00:03.0 enp0s3: renamed from eth0
[    3.320850] e1000 0000:00:08.0 enp0s8: renamed from eth1
Begin: Loading essential drivers ... [    4.740131] raid6: sse2x1   gen() 13201 MB/s
[    4.788067] raid6: sse2x1   xor()  7515 MB/s
[    4.836213] raid6: sse2x2   gen() 15660 MB/s
[    4.884044] raid6: sse2x2   xor()  9683 MB/s
[    4.932373] raid6: sse2x4   gen() 14522 MB/s
[    4.980517] raid6: sse2x4   xor() 10004 MB/s
[    5.028376] raid6: avx2x1   gen() 25809 MB/s
[    5.076166] raid6: avx2x1   xor() 14721 MB/s
[    5.124160] raid6: avx2x2   gen() 29628 MB/s
[    5.172437] raid6: avx2x2   xor() 20833 MB/s
[    5.220300] raid6: avx2x4   gen() 34395 MB/s
[    5.268083] raid6: avx2x4   xor() 20775 MB/s
[    5.268718] raid6: using algorithm avx2x4 gen() 34395 MB/s
[    5.269597] raid6: .... xor() 20775 MB/s, rmw enabled
[    5.270343] raid6: using avx2x2 recovery algorithm
[    5.271809] xor: automatically using best checksumming function   avx       
[    5.273667] async_tx: api initialized (async)
done.
Begin: Running /scripts/init-premount ... done.
Begin: Mounting root file system ... Begin: Running /scripts/local-top ... done.
Begin: Running /scripts/local-premount ... [    5.310895] Btrfs loaded, crc32c=crc32c-intel
Scanning for Btrfs filesystems
done.
Warning: fsck not present, so skipping root file system
[    5.338777] EXT4-fs (sda1): mounted filesystem with ordered data mode. Opts: (null)
done.
Begin: Running /scripts/local-bottom ... done.
Begin: Running /scripts/init-bottom ... done.
[    5.479953] ip_tables: (C) 2000-2006 Netfilter Core Team
[    5.487584] systemd[1]: systemd 237 running in system mode. (+PAM +AUDIT +SELINUX +IMA +APPARMOR +SMACK +SYSVINIT +UTMP +LIBCRYPTSETUP +GCRYPT +GNUTLS +ACL +XZ +LZ4 +SECCOMP +BLKID +ELFUTILS +KMOD -IDN2 +IDN -PCRE2 default-hierarchy=hybrid)
[    5.490267] systemd[1]: Detected virtualization oracle.
[    5.490948] systemd[1]: Detected architecture x86-64.

Welcome to [1mUbuntu 18.04.5 LTS[0m!

[    5.495377] systemd[1]: Set hostname to <ubuntu-bionic>.
[    5.740728] systemd[1]: Created slice System Slice.
[[0;32m  OK  [0m] Created slice System Slice.
[    5.741908] systemd[1]: Listening on LVM2 poll daemon socket.
[[0;32m  OK  [0m] Listening on LVM2 poll daemon socket.
[    5.743131] systemd[1]: Started Forward Password Requests to Wall Directory Watch.
[[0;32m  OK  [0m] Started Forward Password Requests to Wall Directory Watch.
[    5.744795] systemd[1]: Listening on Journal Socket (/dev/log).
[[0;32m  OK  [0m] Listening on Journal Socket (/dev/log).
[    5.746214] systemd[1]: Listening on udev Control Socket.
[[0;32m  OK  [0m] Listening on udev Control Socket.
[    5.747550] systemd[1]: Listening on Journal Socket.
[[0;32m  OK  [0m] Listening on Journal Socket.
         Starting Uncomplicated firewall...
         Mounting Huge Pages File System...
[[0;32m  OK  [0m] Reached target User and Group Name Lookups.
[[0;32m  OK  [0m] Set up automount Arbitrary Executabâ€¦rmats File System Automount Point.
[[0;32m  OK  [0m] Listening on fsck to fsckd communication Socket.
[[0;32m  OK  [0m] Listening on Journal Audit Socket.
[[0;32m  OK  [0m] Listening on udev Kernel Socket.
[[0;32m  OK  [0m] Listening on Syslog Socket.
         Starting Journal Service...
[[0;32m  OK  [0m] Created slice system-serial\x2dgetty.slice.
[[0;32m  OK  [0m] Listening on /dev/initctl Compatibility Named Pipe.
         Starting Load Kernel Modules...
[[0;32m  OK  [0m] Reached target System Time Synchronized.
         Starting File System Check on Root Device...
         Mounting Kernel Debug File System...
[[0;32m  OK  [0m] Listening on LVM2 metadata daemon socket.
         Starting udev Coldplug all Devices...
[[0;32m  OK  [0m] Created slice User and Session Slice.
[[0;32m  OK  [0m] Reached target Slices.
[[0;32m  OK  [0m] Listening on Device-mapper event daemon FIFOs.
         Starting Monitoring of LVM2 mirrorsâ€¦ng dmeventd or progress polling...
         Starting Set the console keyboard layout...
         Mounting POSIX Message Queue File System...
         Starting Create list of required stâ€¦ce nodes for the current kernel...
[[0;32m  OK  [0m] Reached target Swap.
[[0;32m  OK  [0m] Listening on Network Service Netlink Socket.
[[0;32m  OK  [0m] Started Journal Service.
[[0;32m  OK  [0m] Started Uncomplicated firewall.
[[0;32m  OK  [0m] Mounted Huge Pages File System.
[    5.839017] Loading iSCSI transport class v2.0-870.
[[0;32m  OK  [0m] Mounted Kernel Debug File System.
[    5.844023] iscsi: registered transport (tcp)
[[0;32m  OK  [0m] Mounted POSIX Message Queue File System.
[[0;32m  OK  [0m] Started LVM2 metadata daemon.
[[0;32m  OK  [0m] Started File System Check Daemon to report status.
[[0;32m  OK  [0m] Started Create list of required staâ€¦vice nodes for the current kernel.
[    5.882790] iscsi: registered transport (iser)
[[0;32m  OK  [0m] Started Load Kernel Modules.
[[0;32m  OK  [0m] Started udev Coldplug all Devices.
         Mounting Kernel Configuration File System...
         Starting Apply Kernel Variables...
         Mounting FUSE Control File System...
         Starting Create Static Device Nodes in /dev...
[[0;32m  OK  [0m] Mounted Kernel Configuration File System.
[[0;32m  OK  [0m] Mounted FUSE Control File System.
[[0;32m  OK  [0m] Started File System Check on Root Device.
         Starting Remount Root and Kernel File Systems...
[[0;32m  OK  [0m] Started Create Static Device Nodes in /dev.
[[0;32m  OK  [0m] Started Remount Root and Kernel File Systems.
         Starting Flush Journal to Persistent Storage...
         Starting udev Kernel Device Manager...
         Starting Load/Save Random Seed...
[[0;32m  OK  [0m] Started Monitoring of LVM2 mirrors,â€¦sing dmeventd or progress polling.
[[0;32m  OK  [0m] Started Apply Kernel Variables.
[[0;32m  OK  [0m] Started Load/Save Random Seed.
[[0;32m  OK  [0m] Started udev Kernel Device Manager.
[[0;32m  OK  [0m] Started Set the console keyboard layout.
[[0;32m  OK  [0m] Started Dispatch Password Requests to Console Directory Watch.
[[0;32m  OK  [0m] Reached target Local Encrypted Volumes.
[[0;32m  OK  [0m] Reached target Local File Systems (Pre).
[[0;32m  OK  [0m] Reached target Local File Systems.
         Starting Tell Plymouth To Write Out Runtime Data...
         Starting AppArmor initialization...
         Starting ebtables ruleset management...
         Starting Set console font and keymap...
[[0;32m  OK  [0m] Started Tell Plymouth To Write Out Runtime Data.
[[0;32m  OK  [0m] Started Flush Journal to Persistent Storage.
         Starting Create Volatile Files and Directories...
[[0;32m  OK  [0m] Started Set console font and keymap.
[[0;32m  OK  [0m] Started Create Volatile Files and Directories.
         Starting Update UTMP about System Boot/Shutdown...
[[0;32m  OK  [0m] Started Update UTMP about System Boot/Shutdown.
[[0;32m  OK  [0m] Started ebtables ruleset management.
[[0;32m  OK  [0m] Found device /dev/ttyS0.
[[0;32m  OK  [0m] Listening on Load/Save RF Kill Switch Status /dev/rfkill Watch.
[[0;32m  OK  [0m] Started AppArmor initialization.
         Starting Initial cloud-init job (pre-networking)...
         Starting Load AppArmor profiles managed internally by snapd...
[[0;32m  OK  [0m] Started Load AppArmor profiles managed internally by snapd.
[    7.325982] cloud-init[552]: Cloud-init v. 21.2-3-g899bfaa9-0ubuntu2~18.04.1 running 'init-local' at Fri, 23 Jul 2021 00:37:10 +0000. Up 7.17 seconds.
[[0;32m  OK  [0m] Started Initial cloud-init job (pre-networking).
[[0;32m  OK  [0m] Reached target Network (Pre).
         Starting Network Service...
[[0;32m  OK  [0m] Started Network Service.
         Starting Wait for Network to be Configured...
         Starting Network Name Resolution...
[[0;32m  OK  [0m] Started Network Name Resolution.
[[0;32m  OK  [0m] Reached target Network.
[[0;32m  OK  [0m] Reached target Host and Network Name Lookups.
[[0;32m  OK  [0m] Started Wait for Network to be Configured.
         Starting Initial cloud-init job (metadata service crawler)...
[    9.694959] cloud-init[664]: Cloud-init v. 21.2-3-g899bfaa9-0ubuntu2~18.04.1 running 'init' at Fri, 23 Jul 2021 00:37:13 +0000. Up 9.56 seconds.
[    9.696085] cloud-init[664]: ci-info: ++++++++++++++++++++++++++++++++++++++Net device info+++++++++++++++++++++++++++++++++++++++
[    9.697283] cloud-init[664]: ci-info: +--------+------+-----------------------------+---------------+--------+-------------------+
[    9.698473] cloud-init[664]: ci-info: | Device |  Up  |           Address           |      Mask     | Scope  |     Hw-Address    |
[    9.699646] cloud-init[664]: ci-info: +--------+------+-----------------------------+---------------+--------+-------------------+
[    9.700753] cloud-init[664]: ci-info: | enp0s3 | True |          10.0.2.15          | 255.255.255.0 | global | 02:2a:e1:ea:70:72 |
[    9.701766] cloud-init[664]: ci-info: | enp0s3 | True |  fe80::2a:e1ff:feea:7072/64 |       .       |  link  | 02:2a:e1:ea:70:72 |
[    9.712388] cloud-init[664]: ci-info: | enp0s8 | True |         192.168.50.4        | 255.255.255.0 | global | 08:00:27:9a:c6:86 |
[    9.724329] cloud-init[664]: ci-info: | enp0s8 | True | fe80::a00:27ff:fe9a:c686/64 |       .       |  link  | 08:00:27:9a:c6:86 |
[    9.740255] cloud-init[664]: ci-info: |   lo   | True |          127.0.0.1          |   255.0.0.0   |  host  |         .         |
[    9.741015] cloud-init[664]: ci-info: |   lo   | True |           ::1/128           |       .       |  host  |         .         |
[    9.752149] cloud-init[664]: ci-info: +--------+------+-----------------------------+---------------+--------+-------------------+
[    9.753143] cloud-init[664]: ci-info: +++++++++++++++++++++++++++++Route IPv4 info+++++++++++++++++++++++++++++
[    9.754015] cloud-init[664]: ci-info: +-------+--------------+----------+-----------------+-----------+-------+
[    9.754900] cloud-init[664]: ci-info: | Route | Destination  | Gateway  |     Genmask     | Interface | Flags |
[    9.755772] cloud-init[664]: ci-info: +-------+--------------+----------+-----------------+-----------+-------+
[    9.756658] cloud-init[664]: ci-info: |   0   |   0.0.0.0    | 10.0.2.2 |     0.0.0.0     |   enp0s3  |   UG  |
[    9.757526] cloud-init[664]: ci-info: |   1   |   10.0.2.0   | 0.0.0.0  |  255.255.255.0  |   enp0s3  |   U   |
[    9.758394] cloud-init[664]: ci-info: |   2   |   10.0.2.2   | 0.0.0.0  | 255.255.255.255 |   enp0s3  |   UH  |
[    9.759255] cloud-init[664]: ci-info: |   3   | 192.168.50.0 | 0.0.0.0  |  255.255.255.0  |   enp0s8  |   U   |
[    9.760156] cloud-init[664]: ci-info: +-------+--------------+----------+-----------------+-----------+-------+
[    9.760993] cloud-init[664]: ci-info: +++++++++++++++++++Route IPv6 info+++++++++++++++++++
[    9.761737] cloud-init[664]: ci-info: +-------+-------------+---------+-----------+-------+
[    9.762464] cloud-init[664]: ci-info: | Route | Destination | Gateway | Interface | Flags |
[    9.763194] cloud-init[664]: ci-info: +-------+-------------+---------+-----------+-------+
[    9.763932] cloud-init[664]: ci-info: |   1   |  fe80::/64  |    ::   |   enp0s3  |   U   |
[    9.764664] cloud-init[664]: ci-info: |   2   |  fe80::/64  |    ::   |   enp0s8  |   U   |
[    9.765406] cloud-init[664]: ci-info: |   4   |    local    |    ::   |   enp0s3  |   U   |
[    9.766125] cloud-init[664]: ci-info: |   5   |    local    |    ::   |   enp0s8  |   U   |
[    9.766858] cloud-init[664]: ci-info: |   6   |   ff00::/8  |    ::   |   enp0s3  |   U   |
[    9.767596] cloud-init[664]: ci-info: |   7   |   ff00::/8  |    ::   |   enp0s8  |   U   |
[    9.768353] cloud-init[664]: ci-info: +-------+-------------+---------+-----------+-------+
[[0;32m  OK  [0m] Started Initial cloud-init job (metadata service crawler).
[[0;32m  OK  [0m] Reached target System Initialization.
[[0;32m  OK  [0m] Listening on ACPID Listen Socket.
[[0;32m  OK  [0m] Started Message of the Day.
         Starting Socket activation for snappy daemon.
         Starting LXD - unix socket.
[[0;32m  OK  [0m] Listening on Open-iSCSI iscsid Socket.
[[0;32m  OK  [0m] Listening on UUID daemon activation socket.
[[0;32m  OK  [0m] Started Discard unused blocks once a week.
[[0;32m  OK  [0m] Started Daily Cleanup of Temporary Directories.
[[0;32m  OK  [0m] Started Ubuntu Advantage update messaging.
[[0;32m  OK  [0m] Listening on D-Bus System Message Bus Socket.
[[0;32m  OK  [0m] Started Daily apt download activities.
[[0;32m  OK  [0m] Started Daily apt upgrade and clean activities.
[[0;32m  OK  [0m] Reached target Timers.
[[0;32m  OK  [0m] Started ACPI Events Check.
[[0;32m  OK  [0m] Reached target Paths.
[[0;32m  OK  [0m] Reached target Network is Online.
[[0;32m  OK  [0m] Reached target Remote File Systems (Pre).
[[0;32m  OK  [0m] Reached target Remote File Systems.
         Starting Availability of block devices...
[[0;32m  OK  [0m] Reached target Cloud-config availability.
[[0;32m  OK  [0m] Listening on Socket activation for snappy daemon.
[[0;32m  OK  [0m] Listening on LXD - unix socket.
[[0;32m  OK  [0m] Reached target Sockets.
[[0;32m  OK  [0m] Reached target Basic System.
         Starting Accounts Service...
[[0;32m  OK  [0m] Started Deferred execution scheduler.
         Starting LXD - container startup/shutdown...
[[0;32m  OK  [0m] Started irqbalance daemon.
[[0;32m  OK  [0m] Started D-Bus System Message Bus.
         Starting Permit User Sessions...
         Starting System Logging Service...
         Starting LSB: automatic crash report generation...
[[0;32m  OK  [0m] Started Regular background program processing daemon.
[[0;32m  OK  [0m] Started FUSE filesystem for LXC.
         Starting Virtualbox guest utils...
         Starting LSB: Record successful boot for GRUB...
         Starting OpenBSD Secure Shell server...
         Starting Dispatcher daemon for systemd-networkd...
         Starting Login Service...
         Starting Snap Daemon...
[[0;32m  OK  [0m] Started System Logging Service.
[[0;32m  OK  [0m] Started Availability of block devices.
[[0;32m  OK  [0m] Started LXD - container startup/shutdown.
[[0;32m  OK  [0m] Started Permit User Sessions.
         Starting Authorization Manager...
         Starting Hold until boot process finishes up...
         Starting Terminate Plymouth Boot Screen...
[[0;32m  OK  [0m] Started OpenBSD Secure Shell server.
[[0;32m  OK  [0m] Started Hold until boot process finishes up.
[[0;32m  OK  [0m] Started Terminate Plymouth Boot Screen.
[[0;32m  OK  [0m] Started Serial Getty on ttyS0.
         Starting Set console scheme...
[[0;32m  OK  [0m] Started Login Service.
[[0;32m  OK  [0m] Started Unattended Upgrades Shutdown.
[[0;32m  OK  [0m] Started LSB: automatic crash report generation.
[[0;32m  OK  [0m] Started Set console scheme.
[[0;32m  OK  [0m] Created slice system-getty.slice.
[[0;32m  OK  [0m] Started Getty on tty1.
[[0;32m  OK  [0m] Reached target Login Prompts.
[[0;32m  OK  [0m] Started Authorization Manager.
[[0;32m  OK  [0m] Started Accounts Service.
[[0;32m  OK  [0m] Started LSB: Record successful boot for GRUB.
[[0;32m  OK  [0m] Started Virtualbox guest utils.
[[0;32m  OK  [0m] Started Dispatcher daemon for systemd-networkd.
[[0;32m  OK  [0m] Started Snap Daemon.
         Starting Wait until snapd is fully seeded...
[[0;32m  OK  [0m] Started Wait until snapd is fully seeded.
         Starting Apply the settings specified in cloud-config...
[[0;32m  OK  [0m] Reached target Multi-User System.
[[0;32m  OK  [0m] Reached target Graphical Interface.
         Starting Update UTMP about System Runlevel Changes...
[[0;32m  OK  [0m] Started Update UTMP about System Runlevel Changes.
[   11.169337] cloud-init[1070]: Cloud-init v. 21.2-3-g899bfaa9-0ubuntu2~18.04.1 running 'modules:config' at Fri, 23 Jul 2021 00:37:14 +0000. Up 11.09 seconds.
[[0;32m  OK  [0m] Started Apply the settings specified in cloud-config.
         Starting Execute cloud user/final scripts...
[   11.582895] cloud-init[1115]: Cloud-init v. 21.2-3-g899bfaa9-0ubuntu2~18.04.1 running 'modules:final' at Fri, 23 Jul 2021 00:37:15 +0000. Up 11.49 seconds.
[   11.593021] cloud-init[1115]: Cloud-init v. 21.2-3-g899bfaa9-0ubuntu2~18.04.1 finished at Fri, 23 Jul 2021 00:37:15 +0000. Datasource DataSourceNoCloud [seed=/dev/sdb][dsmode=net].  Up 11.57 seconds
[[0;32m  OK  [0m] Started Execute cloud user/final scripts.
[[0;32m  OK  [0m] Reached target Cloud-init target.

Ubuntu 18.04.5 LTS ubuntu-bionic ttyS0

ubuntu-bionic login: 